// Jest Snapshot v1, https://goo.gl/fbAQLP

exports[`GalleryList correctly rendered 1`] = `
<div
  className="grid"
>
  <div
    className="three columns"
  >
    <div
      className="gallery-list-item"
      onMouseLeave={[Function]}
      onMouseOver={[Function]}
      role="link"
    >
      <img
        alt="Pic"
        src="/test1.png"
      />
      <img
        alt="Tag"
        className="tag-img"
        onClick={[Function]}
        src="/images/tagimage.png"
      />
    </div>
  </div>
  <div
    className="three columns"
  >
    <div
      className="gallery-list-item"
      onMouseLeave={[Function]}
      onMouseOver={[Function]}
      role="link"
    >
      <img
        alt="Pic"
        src="/test2.png"
      />
    </div>
  </div>
</div>
`;
